// Vitest Snapshot v1, https://vitest.dev/guide/snapshot.html

exports[`App > <App /> 1`] = `<App />`;
