// Vitest Snapshot v1, https://vitest.dev/guide/snapshot.html

exports[`Social > <Social /> 1`] = `<Social />`;
